Aug 20 03:58:14 ip-172-31-226-11 x11vnc[1451]: 20/08/2020 03:58:14 added missing keysym to X display: 222 0xfe57 "dead_diaeresis"
Aug 20 03:58:14 ip-172-31-226-11 x11vnc[1451]: 20/08/2020 03:58:14 added missing keysym to X display: 230 0xfe58 "dead_abovering"
Aug 20 03:58:14 ip-172-31-226-11 x11vnc[1451]: 20/08/2020 03:58:14 added missing keysym to X display: 247 0xfe59 "dead_doubleacute"
Aug 20 03:58:14 ip-172-31-226-11 x11vnc[1451]: 20/08/2020 03:58:14 added missing keysym to X display: 248 0xfe5a "dead_caron"
Aug 20 03:58:14 ip-172-31-226-11 x11vnc[1451]: 20/08/2020 03:58:14 added missing keysym to X display: 249 0xfe5b "dead_cedilla"
Aug 20 03:58:14 ip-172-31-226-11 x11vnc[1451]: 20/08/2020 03:58:14 added missing keysym to X display: 250 0xfe5c "dead_ogonek"
Aug 20 03:58:14 ip-172-31-226-11 x11vnc[1451]: 20/08/2020 03:58:14 added missing keysym to X display: 251 0xfe5d "dead_iota"
Aug 20 03:58:14 ip-172-31-226-11 x11vnc[1451]: 20/08/2020 03:58:14 added missing keysym to X display: 252 0xfe5e "dead_voiced_sound"
Aug 20 03:58:14 ip-172-31-226-11 x11vnc[1451]: 20/08/2020 03:58:14 added missing keysym to X display: 253 0xfe5f "dead_semivoiced_sound"
Aug 20 03:58:14 ip-172-31-226-11 workspace_exporter.service[973]: us-east.monitor.rhyme.com workspace_exporter 172.31.226.11 72.26
Aug 20 03:58:19 ip-172-31-226-11 workspace_exporter.service[973]: us-east.monitor.rhyme.com workspace_exporter 172.31.226.11 36.93
Aug 20 03:58:22 ip-172-31-226-11 x11vnc[1451]: 20/08/2020 03:58:22 created selwin: 0x2a00024
Aug 20 03:58:22 ip-172-31-226-11 x11vnc[1451]: 20/08/2020 03:58:22 called initialize_xfixes()
Aug 20 03:58:24 ip-172-31-226-11 workspace_exporter.service[973]: us-east.monitor.rhyme.com workspace_exporter 172.31.226.11 2.00
Aug 20 03:58:29 ip-172-31-226-11 workspace_exporter.service[973]: us-east.monitor.rhyme.com workspace_exporter 172.31.226.11 1.60
Aug 20 03:58:34 ip-172-31-226-11 x11vnc[1451]: 20/08/2020 03:58:34 copy_tiles: allocating first_line at size 33
Aug 20 03:58:34 ip-172-31-226-11 workspace_exporter.service[973]: us-east.monitor.rhyme.com workspace_exporter 172.31.226.11 3.30
Aug 20 03:58:35 ip-172-31-226-11 x11vnc[1451]: 20/08/2020 03:58:35 cursor_noshape_updates_clients: 0
Aug 20 03:58:35 ip-172-31-226-11 x11vnc[1451]: 20/08/2020 03:58:35 cursor_noshape_updates_clients: 0
Aug 20 03:58:35 ip-172-31-226-11 pulseaudio[1673]: [pulseaudio] bluez5-util.c: GetManagedObjects() failed: org.freedesktop.DBus.Error.NoReply: Did not receive a reply. Possible causes include: the remote application did not send a reply, the message bus security policy blocked the reply, the reply timeout expired, or the network connection was broken.
Aug 20 03:58:35 ip-172-31-226-11 x11vnc[1451]: 20/08/2020 03:58:35 client 1 network rate 879.8 KB/sec (16615.4 eff KB/sec)
Aug 20 03:58:35 ip-172-31-226-11 x11vnc[1451]: 20/08/2020 03:58:35 client 1 latency:  1.1 ms
Aug 20 03:58:35 ip-172-31-226-11 x11vnc[1451]: 20/08/2020 03:58:35 dt1: 0.0112, dt2: 0.0318 dt3: 0.0011 bytes: 37412
Aug 20 03:58:35 ip-172-31-226-11 x11vnc[1451]: 20/08/2020 03:58:35 link_rate: LR_LAN - 1 ms, 879 KB/s
Aug 20 03:58:35 ip-172-31-226-11 dbus-daemon[798]: [system] Activating service name='org.blueman.Mechanism' requested by ':1.42' (uid=1001 pid=1545 comm="/usr/bin/python3 /usr/bin/blueman-applet " label="unconfined") (using servicehelper)
Aug 20 03:58:35 ip-172-31-226-11 dbus-daemon[798]: [system] Activating via systemd: service name='org.bluez' unit='dbus-org.bluez.service' requested by ':1.42' (uid=1001 pid=1545 comm="/usr/bin/python3 /usr/bin/blueman-applet " label="unconfined")
Aug 20 03:58:35 ip-172-31-226-11 dbus-daemon[1341]: [session uid=1001 pid=1341] Activating via systemd: service name='org.bluez.obex' unit='dbus-org.bluez.obex.service' requested by ':1.43' (uid=1001 pid=1545 comm="/usr/bin/python3 /usr/bin/blueman-applet " label="unconfined")
Aug 20 03:58:35 ip-172-31-226-11 systemd[1282]: Starting Bluetooth OBEX service...
Aug 20 03:58:35 ip-172-31-226-11 obexd[2055]: OBEX daemon 5.48
Aug 20 03:58:35 ip-172-31-226-11 dbus-daemon[1341]: [session uid=1001 pid=1341] Successfully activated service 'org.bluez.obex'
Aug 20 03:58:35 ip-172-31-226-11 systemd[1282]: Started Bluetooth OBEX service.
Aug 20 03:58:35 ip-172-31-226-11 org.blueman.Mechanism[798]: Unable to init server: Could not connect: Connection refused
Aug 20 03:58:36 ip-172-31-226-11 org.blueman.Mechanism[798]: Unable to init server: Could not connect: Connection refused
Aug 20 03:58:36 ip-172-31-226-11 blueman-mechanism: Starting blueman-mechanism
Aug 20 03:58:36 ip-172-31-226-11 dbus-daemon[798]: [system] Successfully activated service 'org.blueman.Mechanism'
Aug 20 03:58:36 ip-172-31-226-11 blueman-mechani[2046]: gtk_icon_theme_get_for_screen: assertion 'GDK_IS_SCREEN (screen)' failed
Aug 20 03:58:36 ip-172-31-226-11 blueman-mechanism: loading Network
Aug 20 03:58:36 ip-172-31-226-11 blueman-mechanism: loading Ppp
Aug 20 03:58:36 ip-172-31-226-11 blueman-mechanism: loading Rfcomm
Aug 20 03:58:36 ip-172-31-226-11 blueman-mechanism: loading RfKill
Aug 20 03:58:39 ip-172-31-226-11 workspace_exporter.service[973]: us-east.monitor.rhyme.com workspace_exporter 172.31.226.11 14.17
Aug 20 03:58:41 ip-172-31-226-11 systemd-timesyncd[555]: Timed out waiting for reply from 91.189.94.4:123 (ntp.ubuntu.com).
Aug 20 03:58:44 ip-172-31-226-11 workspace_exporter.service[973]: us-east.monitor.rhyme.com workspace_exporter 172.31.226.11 3.90
Aug 20 03:58:49 ip-172-31-226-11 workspace_exporter.service[973]: us-east.monitor.rhyme.com workspace_exporter 172.31.226.11 8.18
Aug 20 03:58:51 ip-172-31-226-11 x11vnc[1451]: 20/08/2020 03:58:51 cursor_noshape_updates_clients: 0
Aug 20 03:58:51 ip-172-31-226-11 systemd-timesyncd[555]: Timed out waiting for reply from 91.189.89.199:123 (ntp.ubuntu.com).
Aug 20 03:58:51 ip-172-31-226-11 x11vnc[1451]: 20/08/2020 03:58:51 cursor_noshape_updates_clients: 0
Aug 20 03:58:54 ip-172-31-226-11 workspace_exporter.service[973]: us-east.monitor.rhyme.com workspace_exporter 172.31.226.11 8.96
Aug 20 03:58:59 ip-172-31-226-11 workspace_exporter.service[973]: us-east.monitor.rhyme.com workspace_exporter 172.31.226.11 8.37
Aug 20 03:59:02 ip-172-31-226-11 systemd-timesyncd[555]: Timed out waiting for reply from 91.189.89.198:123 (ntp.ubuntu.com).
Aug 20 03:59:04 ip-172-31-226-11 workspace_exporter.service[973]: us-east.monitor.rhyme.com workspace_exporter 172.31.226.11 4.70
Aug 20 03:59:06 ip-172-31-226-11 blueman-mechanism: Exiting
Aug 20 03:59:09 ip-172-31-226-11 workspace_exporter.service[973]: us-east.monitor.rhyme.com workspace_exporter 172.31.226.11 9.66
Aug 20 03:59:12 ip-172-31-226-11 systemd-timesyncd[555]: Timed out waiting for reply from 91.189.91.157:123 (ntp.ubuntu.com).
Aug 20 03:59:14 ip-172-31-226-11 workspace_exporter.service[973]: us-east.monitor.rhyme.com workspace_exporter 172.31.226.11 7.58
Aug 20 03:59:19 ip-172-31-226-11 workspace_exporter.service[973]: us-east.monitor.rhyme.com workspace_exporter 172.31.226.11 11.26
Aug 20 03:59:24 ip-172-31-226-11 workspace_exporter.service[973]: us-east.monitor.rhyme.com workspace_exporter 172.31.226.11 8.69
Aug 20 03:59:29 ip-172-31-226-11 workspace_exporter.service[973]: us-east.monitor.rhyme.com workspace_exporter 172.31.226.11 11.42
Aug 20 03:59:34 ip-172-31-226-11 workspace_exporter.service[973]: us-east.monitor.rhyme.com workspace_exporter 172.31.226.11 6.16
Aug 20 03:59:39 ip-172-31-226-11 workspace_exporter.service[973]: us-east.monitor.rhyme.com workspace_exporter 172.31.226.11 5.31
Aug 20 03:59:44 ip-172-31-226-11 workspace_exporter.service[973]: us-east.monitor.rhyme.com workspace_exporter 172.31.226.11 10.83
Aug 20 03:59:49 ip-172-31-226-11 workspace_exporter.service[973]: us-east.monitor.rhyme.com workspace_exporter 172.31.226.11 5.26
Aug 20 03:59:54 ip-172-31-226-11 workspace_exporter.service[973]: us-east.monitor.rhyme.com workspace_exporter 172.31.226.11 3.19
Aug 20 03:59:54 ip-172-31-226-11 systemd-timesyncd[555]: Timed out waiting for reply from 91.189.91.157:123 (ntp.ubuntu.com).
Aug 20 03:59:59 ip-172-31-226-11 workspace_exporter.service[973]: us-east.monitor.rhyme.com workspace_exporter 172.31.226.11 5.19
Aug 20 04:00:04 ip-172-31-226-11 workspace_exporter.service[973]: us-east.monitor.rhyme.com workspace_exporter 172.31.226.11 4.58
Aug 20 04:00:05 ip-172-31-226-11 systemd-timesyncd[555]: Timed out waiting for reply from 91.189.89.198:123 (ntp.ubuntu.com).
Aug 20 04:00:09 ip-172-31-226-11 workspace_exporter.service[973]: us-east.monitor.rhyme.com workspace_exporter 172.31.226.11 8.90
Aug 20 04:00:14 ip-172-31-226-11 workspace_exporter.service[973]: us-east.monitor.rhyme.com workspace_exporter 172.31.226.11 6.80
Aug 20 04:00:15 ip-172-31-226-11 systemd-timesyncd[555]: Timed out waiting for reply from 91.189.89.199:123 (ntp.ubuntu.com).
Aug 20 04:00:19 ip-172-31-226-11 workspace_exporter.service[973]: us-east.monitor.rhyme.com workspace_exporter 172.31.226.11 7.99
Aug 20 04:00:24 ip-172-31-226-11 workspace_exporter.service[973]: us-east.monitor.rhyme.com workspace_exporter 172.31.226.11 10.91
Aug 20 04:00:25 ip-172-31-226-11 systemd-timesyncd[555]: Timed out waiting for reply from 91.189.94.4:123 (ntp.ubuntu.com).
Aug 20 04:00:29 ip-172-31-226-11 workspace_exporter.service[973]: us-east.monitor.rhyme.com workspace_exporter 172.31.226.11 11.09
Aug 20 04:00:34 ip-172-31-226-11 workspace_exporter.service[973]: us-east.monitor.rhyme.com workspace_exporter 172.31.226.11 10.70
Aug 20 04:00:39 ip-172-31-226-11 workspace_exporter.service[973]: us-east.monitor.rhyme.com workspace_exporter 172.31.226.11 12.74
Aug 20 04:00:44 ip-172-31-226-11 workspace_exporter.service[973]: us-east.monitor.rhyme.com workspace_exporter 172.31.226.11 7.67
Aug 20 04:00:49 ip-172-31-226-11 workspace_exporter.service[973]: us-east.monitor.rhyme.com workspace_exporter 172.31.226.11 3.39
Aug 20 04:00:54 ip-172-31-226-11 workspace_exporter.service[973]: us-east.monitor.rhyme.com workspace_exporter 172.31.226.11 8.62
Aug 20 04:00:59 ip-172-31-226-11 workspace_exporter.service[973]: us-east.monitor.rhyme.com workspace_exporter 172.31.226.11 12.71
